============================= test session starts =============================
platform win32 -- Python 3.13.5, pytest-7.4.4, pluggy-1.6.0 -- C:\Users\Professional\AppData\Local\pypoetry\Cache\virtualenvs\coursework-oop-1Gelz_QK-py3.13\Scripts\python.exe
cachedir: .pytest_cache
rootdir: C:\Users\Professional\PycharmProjects\coursework_oop
configfile: pyproject.toml
testpaths: tests
plugins: cov-4.1.0, mock-3.15.1
collecting ... collected 40 items

tests/test_aeroplane.py::TestAeroplane::test_aeroplane_creation PASSED   [  2%]
tests/test_aeroplane.py::TestAeroplane::test_cast_to_object_list PASSED  [  5%]
tests/test_aeroplane.py::TestAeroplane::test_compare_by_altitude PASSED  [  7%]
tests/test_aeroplane.py::TestAeroplane::test_compare_by_speed PASSED     [ 10%]
tests/test_aeroplane.py::TestAeroplane::test_invalid_aeroplane PASSED    [ 12%]
tests/test_aeroplane.py::TestAeroplane::test_str_representation PASSED   [ 15%]
tests/test_aeroplane.py::TestAeroplane::test_to_dict PASSED              [ 17%]
tests/test_api_client.py::TestApiClient::test_get_aeroplanes_by_country_no_coords PASSED [ 20%]
tests/test_api_client.py::TestApiClient::test_get_aeroplanes_by_country_success PASSED [ 22%]
tests/test_api_client.py::TestApiClient::test_get_aeroplanes_in_area_empty PASSED [ 25%]
tests/test_api_client.py::TestApiClient::test_get_aeroplanes_in_area_error PASSED [ 27%]
tests/test_api_client.py::TestApiClient::test_get_aeroplanes_in_area_success PASSED [ 30%]
tests/test_api_client.py::TestApiClient::test_get_country_coordinates_not_found PASSED [ 32%]
tests/test_api_client.py::TestApiClient::test_get_country_coordinates_request_error PASSED [ 35%]
tests/test_api_client.py::TestApiClient::test_get_country_coordinates_success PASSED [ 37%]
tests/test_json_storage.py::TestJSONSaver::test_add_aeroplane PASSED     [ 40%]
tests/test_json_storage.py::TestJSONSaver::test_add_multiple_aeroplanes PASSED [ 42%]
tests/test_json_storage.py::TestJSONSaver::test_clear_all PASSED         [ 45%]
tests/test_json_storage.py::TestJSONSaver::test_delete_aeroplane PASSED  [ 47%]
tests/test_json_storage.py::TestJSONSaver::test_get_aeroplanes_by_criteria PASSED [ 50%]
tests/test_json_storage.py::TestJSONSaver::test_get_all_aeroplanes_empty PASSED [ 52%]
tests/test_json_storage.py::TestJSONSaver::test_update_aeroplane PASSED  [ 55%]
tests/test_user_interface.py::TestUserInterface::test_filter_by_altitude_max_only PASSED [ 57%]
tests/test_user_interface.py::TestUserInterface::test_filter_by_altitude_min_only PASSED [ 60%]
tests/test_user_interface.py::TestUserInterface::test_filter_by_altitude_no_match PASSED [ 62%]
tests/test_user_interface.py::TestUserInterface::test_filter_by_altitude_range PASSED [ 65%]
tests/test_user_interface.py::TestUserInterface::test_filter_by_country_empty PASSED [ 67%]
tests/test_user_interface.py::TestUserInterface::test_filter_by_country_multiple PASSED [ 70%]
tests/test_user_interface.py::TestUserInterface::test_filter_by_country_partial_match PASSED [ 72%]
tests/test_user_interface.py::TestUserInterface::test_filter_by_country_single PASSED [ 75%]
tests/test_user_interface.py::TestUserInterface::test_get_top_aeroplanes PASSED [ 77%]
tests/test_user_interface.py::TestUserInterface::test_get_top_aeroplanes_more_than_available PASSED [ 80%]
tests/test_user_interface.py::TestUserInterface::test_get_top_aeroplanes_with_none_altitude PASSED [ 82%]
tests/test_user_interface_extended.py::TestUserInterfaceExtended::test_filter_by_altitude_with_none PASSED [ 85%]
tests/test_user_interface_extended.py::TestUserInterfaceExtended::test_filter_by_country_case_insensitive PASSED [ 87%]
tests/test_user_interface_extended.py::TestUserInterfaceExtended::test_filter_by_country_no_match PASSED [ 90%]
tests/test_user_interface_extended.py::TestUserInterfaceExtended::test_filter_functions_with_empty_list PASSED [ 92%]
tests/test_user_interface_extended.py::TestUserInterfaceExtended::test_get_top_aeroplanes_empty PASSED [ 95%]
tests/test_user_interface_extended.py::TestUserInterfaceExtended::test_get_top_aeroplanes_zero_n PASSED [ 97%]
tests/test_user_interface_extended.py::TestUserInterfaceExtended::test_print_aeroplanes_does_not_crash PASSED [100%]

---------- coverage: platform win32, python 3.13.5-final-0 -----------
Name                                        Stmts   Miss  Cover   Missing
-------------------------------------------------------------------------
src\aeroplane_tracker\__init__.py               6      0   100%
src\aeroplane_tracker\abstract_api.py          12      3    75%   17, 28, 39
src\aeroplane_tracker\abstract_storage.py      19      5    74%   16, 23, 32, 37, 42
src\aeroplane_tracker\aeroplane.py             81     23    72%   37, 41-43, 47-55, 64, 66, 68, 82, 84, 86, 91, 113-115
src\aeroplane_tracker\api_client.py            72     16    78%   46-47, 49-50, 102-103, 105-106, 123-124, 134-136, 139-141
src\aeroplane_tracker\json_storage.py          86     17    80%   19, 26-28, 36-38, 54-56, 73-74, 85-86, 98, 107-108
src\aeroplane_tracker\user_interface.py       150    110    27%   76-218
-------------------------------------------------------------------------
TOTAL                                         426    174    59%
Coverage HTML written to dir htmlcov


============================= 40 passed in 0.78s ==============================
